<script>
  var RELATIVE_PATH = "";
  var config = JSON.parse('{}');
  var app = {
    template: "header",
    user: JSON.parse('{}')
  };
</script>
