<div id="widget-global-footer"></div>
  <script type='text/javascript'>
    var Widget = {"wordpress_home":"wordpress-home"};
    requirejs(['header']);
  </script>
  <script src="stylesheet-location/public/js/header-widget.js"></script>
</div>